// Jest Snapshot v1, https://goo.gl/fbAQLP

exports[`App component renders App 1`] = `
<DocumentFragment>
  <div>
    <div
      id="Search"
    >
      <label
        for="search"
      >
        Search
      </label>
      <input
        id="search"
        name="search"
        type="search"
        value=""
      />
    </div>
    <button>
      Get News
    </button>
    <div
      class="articles"
    >
      <ul />
    </div>
  </div>
</DocumentFragment>
`;
