// Jest Snapshot v1, https://goo.gl/fbAQLP

exports[`ArticleList Testing render an ArticleList 1`] = `
<DocumentFragment>
  <div
    class="articles"
  >
    <ul>
      <div
        class="mainGrid"
      >
        <li
          class="Article"
        >
          <span
            class="title"
          >
            <h1
              data-testid="article"
            >
              title1
            </h1>
          </span>
          <span
            class="imageContainer"
          >
            <a
              href="nate-kruck.com"
              rel="noreferrer"
              target="_blank"
            >
              <img
                alt="title1"
                src="http://placeholder.com/articles"
              />
            </a>
          </span>
          <p
            class="author"
          >
            Bertholomule
          </p>
          <p
            class="description"
          >
            Hey friends
          </p>
        </li>
      </div>
      <div
        class="mainGrid"
      >
        <li
          class="Article"
        >
          <span
            class="title"
          >
            <h1
              data-testid="article"
            >
              title2
            </h1>
          </span>
          <span
            class="imageContainer"
          >
            <a
              href="nate-kruck.com"
              rel="noreferrer"
              target="_blank"
            >
              <img
                alt="title2"
                src="http://placeholder.com/articles"
              />
            </a>
          </span>
          <p
            class="author"
          >
            Bertholomule
          </p>
          <p
            class="description"
          >
            Hey friends
          </p>
        </li>
      </div>
      <div
        class="mainGrid"
      >
        <li
          class="Article"
        >
          <span
            class="title"
          >
            <h1
              data-testid="article"
            >
              title3
            </h1>
          </span>
          <span
            class="imageContainer"
          >
            <a
              href="nate-kruck.com"
              rel="noreferrer"
              target="_blank"
            >
              <img
                alt="title3"
                src="http://placeholder.com/articles"
              />
            </a>
          </span>
          <p
            class="author"
          >
            Bertholomule
          </p>
          <p
            class="description"
          >
            Hey friends
          </p>
        </li>
      </div>
    </ul>
  </div>
</DocumentFragment>
`;
